// Jest Snapshot v1, https://goo.gl/fbAQLP

exports[`Home Component Should match snapshot 1`] = `
<ContextProvider
  value={null}
>
  <Home
    fetchIncidents={[Function]}
    getState={[MockFunction]}
    store={
      Object {
        "clearActions": [Function],
        "dispatch": [Function],
        "getActions": [Function],
        "getState": [Function],
        "replaceReducer": [Function],
        "subscribe": [Function],
      }
    }
  />
</ContextProvider>
`;
