// Jest Snapshot v1, https://goo.gl/fbAQLP

exports[`Login Component Should match snapshot 1`] = `
<div>
  <Navbar />
  <div
    className="row"
  >
    <form
      id="userLogin"
      onSubmit={[Function]}
    >
      <h2>
        Login to iReporter
      </h2>
      <input
        name="username"
        onChange={[Function]}
        placeholder="Enter username"
        type="text"
        value=""
      />
      <input
        name="password"
        onChange={[Function]}
        placeholder="Enter password"
        type="text"
        value=""
      />
      <button
        className="btn-login"
        type="submit"
      >
        Login
      </button>
      <p
        className="form-footer"
      >
        Don't have an account 
        <a
          href="./signup"
        >
          Sign Up
        </a>
        .
      </p>
    </form>
  </div>
  <Footer />
</div>
`;
